[hiking-camping-demo.myshopify.com/index.html]
[cdn.shopify.com/s/files/1/1628/5651/t/10/assets/faviconcf42.png]
[backblue.gif]
[fade.gif]
[index.html]
[cdn.shopify.com/s/files/1/1628/5651/t/10/assets/logo84bc.png]
[cdn.shopify.com/s/files/1/1628/5651/t/10/assets/timber.scss4a70.css]
[cdn.shopify.com/s/files/1/1628/5651/t/10/assets/font-awesome.mina741.css]
[cdn.shopify.com/s/files/1/1628/5651/t/10/assets/owl.carousela340.css]
[cdn.shopify.com/s/files/1/1628/5651/t/10/assets/customd17b.css]
[cdn.shopify.com/s/files/1/1628/5651/t/10/assets/jquery.countdown8fde.css]
[cdn.shopify.com/s/files/1/1628/5651/t/10/assets/jquery.fancyboxe20d.css]
[cdn.shopify.com/s/files/1/1628/5651/t/10/assets/animated737.css]
[cdn.shopify.com/s/files/1/1628/5651/t/10/assets/prettyPhotode1c.css]
[cdn.shopify.com/s/files/1/1628/5651/t/10/assets/jcarousel032f.css]
[hiking-camping-demo.myshopify.com/POST]
[cdn.shopify.com/s/trekkie.storefront.4425f6026de6139f5e73bf3f1e7e46aca95ea1e8.min.js]
[cdn.shopify.com/shopifycloud/boomerang/shopify-boomerang-1.0.0.min.js]
[cdn.shopify.com/shopifycloud/shopify/assets/shop_events_listener-eb19870e6f215e4e4acd8067d24ecfcbfee2d96d96aa8607e8fd45edf40eacc6.js]
[cdn.shopify.com/shopifycloud/storefront-recaptcha-v3/v0.5/index.js]
[cdn.shopify.com/shopifycloud/shopify/assets/storefront/load_feature-a55261a7a987674749989983b5889eadaac6795d8d48548fb61470a96edb9524.js]
[cdn.shopify.com/shopifycloud/shopify/assets/storefront/features-87e8399988880142f2c62771b9d8f2ff6c290b3ff745dd426eb0dfe0db9d1dae.js]
[cdn.shopify.com/s/files/1/1628/5651/t/10/compiled_assets/styles6c52.css]
[cdn.shopify.com/s/files/1/1628/5651/t/10/compiled_assets/scripts6c52.js]
[ajax.googleapis.com/ajax/libs/jquery/1.8.1/jquery.min.js]
[cdn.shopify.com/s/files/1/1628/5651/t/10/assets/jquery-cookie.minbdb8.js]
[cdn.shopify.com/s/files/1/1628/5651/t/10/assets/modernizr.min933d.js]
[cdn.shopify.com/s/files/1/1628/5651/t/10/assets/jquery.flexslider.min30d1.js]
[cdn.shopify.com/s/files/1/1628/5651/t/10/assets/slider551d.js]
[cdn.shopify.com/s/files/1/1628/5651/t/10/assets/jquery.sticky58fc.js]
[cdn.shopify.com/s/files/1/1628/5651/t/10/assets/loadinga062.gif]
[cdn.shopify.com/s/files/1/1628/5651/t/10/assets/bootstrap.min02fd.js]
[hiking-camping-demo.myshopify.com/account/login.html]
[hiking-camping-demo.myshopify.com/account/register.html]
[hiking-camping-demo.myshopify.com/collections/all.html]
[hiking-camping-demo.myshopify.com/products/large-family-tent.html]
[hiking-camping-demo.myshopify.com/products/golden-clock.html]
[hiking-camping-demo.myshopify.com/products/frame-tent.html]
[hiking-camping-demo.myshopify.com/products/tunnel-tent.html]
[hiking-camping-demo.myshopify.com/products/hiking-backpack.html]
[hiking-camping-demo.myshopify.com/products/teton-backpacks.html]
[hiking-camping-demo.myshopify.com/products/dome-tent.html]
[hiking-camping-demo.myshopify.com/products/hook-keychain.html]
[hiking-camping-demo.myshopify.com/products/paring-knife.html]
[hiking-camping-demo.myshopify.com/products/hiking-bottles-holder.html]
[cdn.shopify.com/s/files/1/1628/5651/files/bottom_2_menu_image_2_2000xe482.jpg]
[cdn.shopify.com/s/files/1/1628/5651/files/bottom_right_2_menu_image_2_2000x6c66.jpg]
[hiking-camping-demo.myshopify.com/products/gtx-hiking-boot.html]
[hiking-camping-demo.myshopify.com/collections.html]
[hiking-camping-demo.myshopify.com/products/forclaz-flex-3.html]
[hiking-camping-demo.myshopify.com/products/jump-rope.html]
[cdn.shopify.com/s/files/1/1628/5651/products/img22_aa975432-3806-497c-989f-ca0fde413b40_largecabb.jpg]
[hiking-camping-demo.myshopify.com/products/ladder-golf.html]
[cdn.shopify.com/s/files/1/1628/5651/files/dropdown_3_menu_image_3_2000xd051.jpg]
[hiking-camping-demo.myshopify.com/collections/trekking.html]
[hiking-camping-demo.myshopify.com/products/waterproof-boot-1.html]
[hiking-camping-demo.myshopify.com/products/horseshoes.html]
[cdn.shopify.com/s/files/1/1628/5651/files/dropdown_4_menu_image_3_2000x982e.jpg]
[hiking-camping-demo.myshopify.com/products/rappel-rack.html]
[hiking-camping-demo.myshopify.com/collections/tents-collection.html]
[cdn.shopify.com/s/files/1/1628/5651/collections/mega4_medium76cd.jpg]
[hiking-camping-demo.myshopify.com/collections/work.html]
[cdn.shopify.com/s/files/1/1628/5651/collections/mega5_mediumd087.jpg]
[hiking-camping-demo.myshopify.com/collections/winter.html]
[cdn.shopify.com/s/files/1/1628/5651/collections/mega6_mediumb6c8.jpg]
[hiking-camping-demo.myshopify.com/collections/social.html]
[cdn.shopify.com/s/files/1/1628/5651/collections/mega7_medium9e0f.jpg]
[hiking-camping-demo.myshopify.com/collections/adventure.html]
[hiking-camping-demo.myshopify.com/pages/about-us.html]
[hiking-camping-demo.myshopify.com/blogs/news.html]
[hiking-camping-demo.myshopify.com/pages/faq.html]
[hiking-camping-demo.myshopify.com/pages/contact-us.html]
[hiking-camping-demo.myshopify.com/search.html]
[hiking-camping-demo.myshopify.com/pages/wishlist.html]
[hiking-camping-demo.myshopify.com/cart.html]
[hiking-camping-demo.myshopify.com/products/water-proof-camera.html]
[cdn.shopify.com/s/files/1/1628/5651/products/sports-1_medium7ce6.jpg]
[hiking-camping-demo.myshopify.com/products/belay-device.html]
[cdn.shopify.com/s/files/1/1628/5651/products/product-1_mediumfad0.jpg]
[cdn.shopify.com/s/files/1/1628/5651/products/img14_mediume11b.jpg]
[hiking-camping-demo.myshopify.com/products/waterproof-boot.html]
[cdn.shopify.com/s/files/1/1628/5651/products/img7_grandefee2.jpg]
[cdn.shopify.com/s/files/1/1628/5651/products/img34_grande1a19.jpg]
[hiking-camping-demo.myshopify.com/collections/new-arrivals/products/hook-keychain.html]
[hiking-camping-demo.myshopify.com/hook-keychain.53.delayed]
[cdn.shopify.com/s/files/1/1628/5651/products/img11_grandef8af.jpg]
[cdn.shopify.com/s/files/1/1628/5651/products/img25_grandee8a4.jpg]
[hiking-camping-demo.myshopify.com/collections/new-arrivals/products/teton-backpacks.html]
[hiking-camping-demo.myshopify.com/teton-backpacks]
[cdn.shopify.com/s/files/1/1628/5651/files/redb5b7.png]
[cdn.shopify.com/s/files/1/1628/5651/files/brownd054.png]
[cdn.shopify.com/s/files/1/1628/5651/products/img16_grande75b6.jpg]
[hiking-camping-demo.myshopify.com/collections/new-arrivals/products/belay-device.html]
[cdn.shopify.com/s/files/1/1628/5651/products/img1_304340b7-9001-4cba-b939-e078346d2f91_grande75b6.jpg]
[hiking-camping-demo.myshopify.com/belay-device]
[cdn.shopify.com/s/files/1/1628/5651/files/whiteba7a.png]
[cdn.shopify.com/s/files/1/1628/5651/files/promo3_500x500545a.jpg]
[cdn.shopify.com/s/files/1/1628/5651/files/promo2_500x50085e9.jpg]
[cdn.shopify.com/s/files/1/1628/5651/files/promo1_500x5009e7d.jpg]
[cdn.shopify.com/s/files/1/1628/5651/articles/blog-12_large90a0.jpg]
[hiking-camping-demo.myshopify.com/blogs/news/mirum-est-notare-quam-littera-2.html]
[cdn.shopify.com/s/files/1/1628/5651/articles/blog-8_large5e8f.jpg]
[cdn.shopify.com/s/files/1/1628/5651/articles/blog-7_large3bfd.jpg]
[hiking-camping-demo.myshopify.com/blogs/news/mirum-est-notare-quam-littera-1.html]
[cdn.shopify.com/s/files/1/1628/5651/files/slider1_1920x1920ad06.jpg]
[hiking-camping-demo.myshopify.com/blogs/news/dolore-magna-aliqua-1.html]
[cdn.shopify.com/s/files/1/1628/5651/files/slider3_f841c720-d049-4f75-87a2-fee6657b5d26_1920x1920918e.jpg]
[cdn.shopify.com/s/files/1/1628/5651/files/slider2_4630933f-dd9a-4dbb-b408-bd5aed68d17d_1920x19200820.jpg]
[cdn.shopify.com/s/files/1/1628/5651/files/slider4_9e0c2419-5632-45cb-8e7a-fc2d648c5f8b_1920x1920cc66.jpg]
[cdn.shopify.com/s/files/1/1628/5651/files/slider1_26930a08-5508-42df-867d-9e1dc261da76_1920x19207441.jpg]
[cdn.shopify.com/s/files/1/1628/5651/files/slider3_1920x19207774.jpg]
[cdn.shopify.com/s/files/1/1628/5651/files/small3_1920x1920ffc4.jpg]
[cdn.shopify.com/s/files/1/1628/5651/files/slider4_1920x1920c000.jpg]
[cdn.shopify.com/s/files/1/1628/5651/products/img22_aa975432-3806-497c-989f-ca0fde413b40_grandecabb.jpg]
[hiking-camping-demo.myshopify.com/collections/tents-collection/products/dome-tent.html]
[cdn.shopify.com/s/files/1/1628/5651/products/img32_grandecabb.jpg]
[hiking-camping-demo.myshopify.com/dome-tent.76.delayed]
[cdn.shopify.com/s/files/1/1628/5651/files/black06e0.png]
[cdn.shopify.com/s/files/1/1628/5651/products/img23_grandea542.jpg]
[cdn.shopify.com/s/files/1/1628/5651/products/img20_278b806f-af10-4f7b-b85f-d17594f67d75_grande85d0.jpg]
[hiking-camping-demo.myshopify.com/collections/tents-collection/products/frame-tent.html]
[hiking-camping-demo.myshopify.com/frame-tent.7b.delayed]
[cdn.shopify.com/s/files/1/1628/5651/files/blue716b.png]
[cdn.shopify.com/s/files/1/1628/5651/products/img18_99c7b608-103e-49d2-9a19-0a3a7f23e35e_grande698a.jpg]
[cdn.shopify.com/s/files/1/1628/5651/products/img22_19a8ba7e-5e7e-4515-b4c1-be1a55f3e209_grandee89f.jpg]
[cdn.shopify.com/s/files/1/1628/5651/files/yellow940b.png]
[cdn.shopify.com/s/files/1/1628/5651/products/img19_ed887739-3c51-4c26-8dfe-50d8a3de2bbf_grande2912.jpg]
[cdn.shopify.com/s/files/1/1628/5651/products/img33_grande2912.jpg]
[hiking-camping-demo.myshopify.com/collections/tents-collection/products/large-family-tent.html]
[hiking-camping-demo.myshopify.com/large-family-tent]
[cdn.shopify.com/s/files/1/1628/5651/products/img20_f6fe768f-edc8-4363-a597-28bb2cc868a0_grande2912.jpg]
[cdn.shopify.com/s/files/1/1628/5651/products/img22_c18672f2-6bad-488d-9f6e-f62b3c836ed1_grande2912.jpg]
[cdn.shopify.com/s/files/1/1628/5651/products/img18_b9be42ee-3ce6-4994-83bd-d1d745c59755_grande2912.jpg]
[cdn.shopify.com/s/files/1/1628/5651/products/img18_grande3dc2.jpg]
[cdn.shopify.com/s/files/1/1628/5651/products/img26_grande3dc2.jpg]
[hiking-camping-demo.myshopify.com/collections/tents-collection/products/tunnel-tent.html]
[hiking-camping-demo.myshopify.com/tunnel-tent.8b.delayed]
[cdn.shopify.com/s/files/1/1628/5651/products/img23_1d73836d-8ae1-4c12-b16a-c779c6fc9b84_grande3dc2.jpg]
[cdn.shopify.com/s/files/1/1628/5651/products/img20_grande3dc2.jpg]
[cdn.shopify.com/s/files/1/1628/5651/products/img22_grande3dc2.jpg]
[cdn.shopify.com/s/files/1/1628/5651/files/banner-1_500x5002053.jpg]
[cdn.shopify.com/s/files/1/1628/5651/files/banner-2_500x5003139.jpg]
[hiking-camping-demo.myshopify.com/collections/new-arrivals.html]
[cdn.shopify.com/s/files/1/1628/5651/collections/coillection--1_450x450_crop_top5602.jpg]
[cdn.shopify.com/s/files/1/1628/5651/collections/collection-2_450x450_crop_top4bf5.jpg]
[cdn.shopify.com/s/files/1/1628/5651/collections/collection-3_450x450_crop_top0c1c.jpg]
[hiking-camping-demo.myshopify.com/collections/best-selling.html]
[cdn.shopify.com/s/files/1/1628/5651/files/banner-3_6a2faa66-5540-455a-9d20-81231f3ead68_1920x19205e04.jpg]
[hiking-camping-demo.myshopify.com/products/footwear-shoes.html]
[cdn.shopify.com/s/files/1/1628/5651/products/img28_grande0bc5.jpg]
[cdn.shopify.com/s/files/1/1628/5651/products/img21_grande0bc5.jpg]
[hiking-camping-demo.myshopify.com/collections/best-selling/products/rappel-rack.html]
[hiking-camping-demo.myshopify.com/rappel-rack]
[cdn.shopify.com/s/files/1/1628/5651/products/img29_grande326e.jpg]
[cdn.shopify.com/s/files/1/1628/5651/products/img15_696a5a6a-f30e-4de8-83ce-9defd21d11e7_grande326e.jpg]
[hiking-camping-demo.myshopify.com/collections/best-selling/products/golden-clock.html]
[hiking-camping-demo.myshopify.com/golden-clock.9f.delayed]
[cdn.shopify.com/s/files/1/1628/5651/products/img4_grande711f.jpg]
[cdn.shopify.com/s/files/1/1628/5651/products/img6_99f3d7d4-a317-4ebe-847b-58cf97713670_grande1171.jpg]
[hiking-camping-demo.myshopify.com/collections/best-selling/products/ladder-golf.html]
[hiking-camping-demo.myshopify.com/ladder-golf.a4.delayed]
[cdn.shopify.com/s/files/1/1628/5651/products/product-21_grande3203.jpg]
[cdn.shopify.com/s/files/1/1628/5651/products/product-7_grande3203.jpg]
[hiking-camping-demo.myshopify.com/collections/best-selling/products/designs-daypack.html]
[hiking-camping-demo.myshopify.com/designs-daypack]
[cdn.shopify.com/s/files/1/1628/5651/products/img27_grandec186.jpg]
[cdn.shopify.com/s/files/1/1628/5651/products/img10_grandec186.jpg]
[hiking-camping-demo.myshopify.com/collections/best-selling/products/paring-knife.html]
[hiking-camping-demo.myshopify.com/paring-knife.ac.delayed]
[cdn.shopify.com/s/files/1/1628/5651/products/img9_grandeca83.jpg]
[cdn.shopify.com/s/files/1/1628/5651/products/img5_b5f5be58-be32-4b07-81e0-7983b6a34cdd_grandef860.jpg]
[hiking-camping-demo.myshopify.com/collections/best-selling/products/hiking-bottles-holder.html]
[hiking-camping-demo.myshopify.com/hiking-bottles-holder]
[cdn.shopify.com/s/files/1/1628/5651/products/img2_grande92a4.jpg]
[hiking-camping-demo.myshopify.com/collections/best-selling/products/jump-rope.html]
[cdn.shopify.com/s/files/1/1628/5651/products/img8_8ceb6176-3801-41bb-9966-dde9ed7c4050_grande1744.jpg]
[hiking-camping-demo.myshopify.com/jump-rope]
[cdn.shopify.com/s/files/1/1628/5651/products/img24_grande0af4.jpg]
[hiking-camping-demo.myshopify.com/collections/best-selling/products/water-proof-camera.html]
[cdn.shopify.com/s/files/1/1628/5651/products/img17_grandebb31.jpg]
[hiking-camping-demo.myshopify.com/water-proof-camera.b8.delayed]
[cdn.shopify.com/s/files/1/1628/5651/files/client-2_200x200d087.jpg]
[cdn.shopify.com/s/files/1/1628/5651/files/client-3_3a9632df-201c-4b6f-892c-1281333b7872_200x20056e6.jpg]
[cdn.shopify.com/s/files/1/1628/5651/files/about_3_200x200357e.jpg]
[cdn.shopify.com/s/files/1/1628/5651/files/about_4_200x2000e08.jpg]
[cdn.shopify.com/s/files/1/1628/5651/files/about_5_200x200fbf9.jpg]
[cdn.shopify.com/s/files/1/1628/5651/files/client-2_df6fb989-dbd9-4715-8874-5802264a5e80_200x200a6ba.jpg]
[cdn.shopify.com/s/files/1/1628/5651/files/client-3_ddae9bb0-635c-440c-b965-7ec67e8c3294_200x20000b6.jpg]
[cdn.shopify.com/s/files/1/1628/5651/files/payment_icon_3_small_1_small6f72.png]
[cdn.shopify.com/s/files/1/1628/5651/files/payment_icon_2_small_smalla15b.png]
[cdn.shopify.com/s/files/1/1628/5651/files/payment_icon_4_small_small8bb6.png]
[cdn.shopify.com/s/files/1/1628/5651/files/payment_icon_5_small_small1f64.png]
[cdn.shopify.com/s/files/1/1628/5651/files/payment_icon_6_small_small49ff.png]
[cdn.shopify.com/s/files/1/1628/5651/t/10/assets/fastclick.min1125.js]
[cdn.shopify.com/s/files/1/1628/5651/t/10/assets/timberd4ac.js]
[cdn.shopify.com/s/files/1/1628/5651/t/10/assets/jquery.parallax-1.1.3af8e.js]
[cdn.shopify.com/s/files/1/1628/5651/t/10/assets/jquery.inviewc3da.js]
[cdn.shopify.com/s/files/1/1628/5651/t/10/assets/jquery-easing-1.3f367.js]
[cdn.shopify.com/s/files/1/1628/5651/t/10/assets/theme4b97.js]
[cdn.shopify.com/shopifycloud/shopify/assets/themes_support/option_selection-fe6b72c2bbdd3369ac0bfefe8648e3c889efca213baefd4cfb0dd9363563831f.js]
[cdn.shopify.com/shopifycloud/shopify/assets/themes_support/api.jquery-e94e010e92e659b566dbc436fdfe5242764380e00398907a14955ba301a4749f.js]
[cdn.shopify.com/s/files/1/1628/5651/t/10/assets/jquery.history9e56.js]
[cdn.shopify.com/s/files/1/1628/5651/t/10/assets/instagram9466.js]
[cdn.shopify.com/s/files/1/1628/5651/t/10/assets/shop6c0c.js]
[cdn.shopify.com/s/files/1/1628/5651/t/10/assets/owl.carousel.min8b2c.js]
[cdn.shopify.com/s/files/1/1628/5651/t/10/assets/jquery-ui-totopd59f.js]
[cdn.shopify.com/s/files/1/1628/5651/t/10/assets/jquery.tabs.minc1ca.js]
[cdn.shopify.com/s/files/1/1628/5651/t/10/assets/countdown72b3.js]
[cdn.shopify.com/s/javascripts/currencies.js]
[cdn.shopify.com/s/files/1/1628/5651/t/10/assets/jquery.currencies.minb15e.js]
[cdn.shopify.com/s/files/1/1628/5651/t/10/assets/popup_newsletter_img06f4.jpg]
[cdn.shopify.com/s/files/1/1628/5651/t/10/assets/wow6fc4.js]
[hiking-camping-demo.myshopify.com/index.html]
[cdn.shopify.com/s/files/1/1628/5651/t/10/assets/colorbody4ea2.jpg]
[cdn.shopify.com/s/files/1/1628/5651/t/10/assets/timber.scss4a70.css]
[cdn.shopify.com/s/files/1/1628/5651/t/10/assets/fontawesome-webfont3295.eot]
[cdn.shopify.com/s/files/1/1628/5651/t/10/assets/fontawesome-webfontd41d.eot]
[cdn.shopify.com/s/files/1/1628/5651/t/10/assets/fontawesome-webfont3295.woff2]
[cdn.shopify.com/s/files/1/1628/5651/t/10/assets/fontawesome-webfont3295.woff]
[cdn.shopify.com/s/files/1/1628/5651/t/10/assets/fontawesome-webfont3295.ttf]
[cdn.shopify.com/s/files/1/1628/5651/t/10/assets/fontawesome-webfont3295.svg]
[cdn.shopify.com/s/files/1/1628/5651/t/10/assets/font-awesome.mina741.css]
[cdn.shopify.com/s/files/1/1628/5651/t/10/assets/thumb-arrow-car.png]
[cdn.shopify.com/s/files/1/1628/5651/t/10/assets/AjaxLoader.gif]
[cdn.shopify.com/s/files/1/1628/5651/t/10/assets/owl.carousela340.css]
[cdn.shopify.com/s/files/1/1628/5651/t/10/assets/loading.gif]
[cdn.shopify.com/s/files/1/1628/5651/t/10/assets/hover-Close3ad4.png]
[cdn.shopify.com/s/files/1/1628/5651/t/10/assets/customd17b.css]
[cdn.shopify.com/s/files/1/1628/5651/t/10/assets/jquery.countdown8fde.css]
[cdn.shopify.com/s/files/1/1628/5651/t/10/assets/hover-Close.png]
[cdn.shopify.com/s/files/1/1628/5651/t/10/assets/fancybox.png]
[cdn.shopify.com/s/files/1/1628/5651/t/10/assets/jquery.fancyboxe20d.css]
[cdn.shopify.com/s/files/1/1628/5651/t/10/assets/animated737.css]
[cdn.shopify.com/s/files/1/1628/5651/t/10/assets/sprite.png]
[cdn.shopify.com/s/files/1/1628/5651/t/10/assets/prettyPhotode1c.css]
[cdn.shopify.com/s/files/1/1628/5651/t/10/assets/icons_new14.png]
[cdn.shopify.com/s/files/1/1628/5651/t/10/assets/jcarousel032f.css]
[hiking-camping-demo.myshopify.com/POST.html]
[cdn.shopify.com/s/files/1/1628/5651/t/10/compiled_assets/styles6c52.css]
[hiking-camping-demo.myshopify.com/account/POST.fb.delayed]
[hiking-camping-demo.myshopify.com/account/login.html]
[cdn.shopify.com/shopifycloud/shopify/assets/themes_support/shopify_common-8ea6ac3faf357236a97f5de749df4da6e8436ca107bc3a4ee805cbf08bc47392.js]
[hiking-camping-demo.myshopify.com/account/register.html]
[hiking-camping-demo.myshopify.com/collections/all.atom]
[hiking-camping-demo.myshopify.com/collections/all4658.html]
[hiking-camping-demo.myshopify.com/collections/POST]
[cdn.shopify.com/s/files/1/1628/5651/files/red_50x5671.png]
[cdn.shopify.com/s/files/1/1628/5651/files/yellow_50xddd0.jpg]
[cdn.shopify.com/s/files/1/1628/5651/files/peru_50x5001.png]
[cdn.shopify.com/s/files/1/1628/5651/files/black_50x4f0d.png]
[cdn.shopify.com/s/files/1/1628/5651/files/white_50x7229.png]
[cdn.shopify.com/s/files/1/1628/5651/files/pink_50xd672.png]
[cdn.shopify.com/s/files/1/1628/5651/files/brown_50x5df5.png]
[cdn.shopify.com/s/files/1/1628/5651/files/blue_4e16c309-8fc4-4fc9-912e-2b5e63914822_50x0e44.jpg]
[cdn.shopify.com/s/files/1/1628/5651/files/green_50xb14b.jpg]
[cdn.shopify.com/s/files/1/1628/5651/files/silver_50xdb46.jpg]
[cdn.shopify.com/s/files/1/1628/5651/files/cyan1_50x20cb.jpg]
[cdn.shopify.com/s/files/1/1628/5651/files/gold_50x3927.jpg]
[hiking-camping-demo.myshopify.com/collections/grid]
[hiking-camping-demo.myshopify.com/collections/list]
[hiking-camping-demo.myshopify.com/collections/manual]
[hiking-camping-demo.myshopify.com/collections/price-ascending]
[hiking-camping-demo.myshopify.com/collections/price-descending]
[hiking-camping-demo.myshopify.com/collections/title-ascending]
[hiking-camping-demo.myshopify.com/collections/title-descending]
[hiking-camping-demo.myshopify.com/collections/created-ascending]
[hiking-camping-demo.myshopify.com/collections/created-descending]
[hiking-camping-demo.myshopify.com/collections/12]
[hiking-camping-demo.myshopify.com/collections/24]
[hiking-camping-demo.myshopify.com/collections/36]
[cdn.shopify.com/s/files/1/1628/5651/products/product-1_grandefad0.jpg]
[cdn.shopify.com/s/files/1/1628/5651/products/product-2_grandefad0.jpg]
[hiking-camping-demo.myshopify.com/collections/waterproof-boot]
[hiking-camping-demo.myshopify.com/collections/belay-device]
[cdn.shopify.com/s/files/1/1628/5651/products/product-3_grandef7af.png]
[hiking-camping-demo.myshopify.com/products/blue-rucksack.html]
[cdn.shopify.com/s/files/1/1628/5651/products/product-4_grandef7af.png]
[hiking-camping-demo.myshopify.com/collections/blue-rucksack]
[hiking-camping-demo.myshopify.com/products/designs-daypack.html]
[hiking-camping-demo.myshopify.com/collections/designs-daypack.130.delayed]
[hiking-camping-demo.myshopify.com/collections/dome-tent]
[cdn.shopify.com/s/files/1/1628/5651/products/product19_grande7a55.jpg]
[cdn.shopify.com/s/files/1/1628/5651/products/product16_grande55bb.jpg]
[hiking-camping-demo.myshopify.com/collections/footwear-shoes.137.delayed]
[cdn.shopify.com/s/files/1/1628/5651/files/pink6060.png]
[cdn.shopify.com/s/files/1/1628/5651/products/sports-1_grande7ce6.jpg]
[hiking-camping-demo.myshopify.com/collections/forclaz-flex-3]
[hiking-camping-demo.myshopify.com/collections/frame-tent]
[hiking-camping-demo.myshopify.com/collections/golden-clock]
[cdn.shopify.com/s/files/1/1628/5651/products/img14_grandee11b.jpg]
[cdn.shopify.com/s/files/1/1628/5651/products/img13_03a14b83-2f39-4c8c-8053-af282c11def5_grandecac9.jpg]
[hiking-camping-demo.myshopify.com/collections/gtx-hiking-boot.147.delayed]
[cdn.shopify.com/s/files/1/1628/5651/products/product-22_grande03c5.png]
[cdn.shopify.com/s/files/1/1628/5651/products/product-3_8c4968bf-1927-431e-af5b-330cfd3c1c26_grande94a9.png]
[hiking-camping-demo.myshopify.com/collections/hiking-backpack.14c.delayed]
[hiking-camping-demo.myshopify.com/collections/hiking-bottles-holder]
[hiking-camping-demo.myshopify.com/collections/all.html]
[cdn.shopify.com/s/files/1/1628/5651/products/img19_ed887739-3c51-4c26-8dfe-50d8a3de2bbf_medium2912.jpg]
[hiking-camping-demo.myshopify.com/products/large-family-tent.oembed]
[hiking-camping-demo.myshopify.com/products/POST]
[cdn.shopify.com/s/files/1/1628/5651/products/img19_ed887739-3c51-4c26-8dfe-50d8a3de2bbf2912.jpg]
[cdn.shopify.com/s/files/1/1628/5651/products/img19_ed887739-3c51-4c26-8dfe-50d8a3de2bbf_large2912.jpg]
[cdn.shopify.com/s/files/1/1628/5651/products/img19_ed887739-3c51-4c26-8dfe-50d8a3de2bbf_1024x10242912.jpg]
[cdn.shopify.com/s/files/1/1628/5651/products/img20_f6fe768f-edc8-4363-a597-28bb2cc868a0_1024x10242912.jpg]
[cdn.shopify.com/s/files/1/1628/5651/products/img20_f6fe768f-edc8-4363-a597-28bb2cc868a0_medium2912.jpg]
[cdn.shopify.com/s/files/1/1628/5651/products/img22_c18672f2-6bad-488d-9f6e-f62b3c836ed1_1024x10242912.jpg]
[cdn.shopify.com/s/files/1/1628/5651/products/img22_c18672f2-6bad-488d-9f6e-f62b3c836ed1_medium2912.jpg]
[cdn.shopify.com/s/files/1/1628/5651/products/img18_b9be42ee-3ce6-4994-83bd-d1d745c59755_1024x10242912.jpg]
[cdn.shopify.com/s/files/1/1628/5651/products/img18_b9be42ee-3ce6-4994-83bd-d1d745c59755_medium2912.jpg]
[cdn.shopify.com/s/files/1/1628/5651/products/img33_1024x10242912.jpg]
[cdn.shopify.com/s/files/1/1628/5651/products/img33_medium2912.jpg]
[cdn.shopify.com/s/files/1/1628/5651/t/10/assets/soldout0c13.png]
[cdn.shopify.com/s/files/1/1628/5651/t/10/assets/social-buttonsa4c8.js]
[cdn.shopify.com/s/files/1/1628/5651/t/10/assets/jquery.elevatezoomd3c7.js]
[cdn.shopify.com/s/files/1/1628/5651/t/10/assets/jquery.fancybox9be8.js]
[cdn.shopify.com/s/files/1/1628/5651/t/10/assets/jquery.jcarousel.latest.minb125.js]
[hiking-camping-demo.myshopify.com/products/large-family-tent.html]
[cdn.shopify.com/s/files/1/1628/5651/products/img29_medium326e.jpg]
[hiking-camping-demo.myshopify.com/products/golden-clock.oembed]
[cdn.shopify.com/s/files/1/1628/5651/products/img29326e.jpg]
[cdn.shopify.com/s/files/1/1628/5651/products/img29_large326e.jpg]
[cdn.shopify.com/s/files/1/1628/5651/products/img29_1024x1024326e.jpg]
[cdn.shopify.com/s/files/1/1628/5651/products/img15_696a5a6a-f30e-4de8-83ce-9defd21d11e7_1024x1024326e.jpg]
[cdn.shopify.com/s/files/1/1628/5651/products/img15_696a5a6a-f30e-4de8-83ce-9defd21d11e7_medium326e.jpg]
[hiking-camping-demo.myshopify.com/collections/best-selling/products/horseshoes.html]
[cdn.shopify.com/s/files/1/1628/5651/products/img3_grande3c9b.jpg]
[cdn.shopify.com/s/files/1/1628/5651/products/img30_grande23d4.jpg]
[cdn.shopify.com/s/files/1/1628/5651/products/product16_405b8037-846c-4afb-9015-8ecfd840767f_grandeb89a.jpg]
[hiking-camping-demo.myshopify.com/products/golden-clock.html]
[cdn.shopify.com/s/files/1/1628/5651/products/img23_mediuma542.jpg]
[hiking-camping-demo.myshopify.com/products/frame-tent.oembed]
[cdn.shopify.com/s/files/1/1628/5651/products/img23a542.jpg]
[cdn.shopify.com/s/files/1/1628/5651/products/img23_largea542.jpg]
[cdn.shopify.com/s/files/1/1628/5651/products/img23_1024x1024a542.jpg]
[cdn.shopify.com/s/files/1/1628/5651/products/img18_99c7b608-103e-49d2-9a19-0a3a7f23e35e_1024x1024698a.jpg]
[cdn.shopify.com/s/files/1/1628/5651/products/img18_99c7b608-103e-49d2-9a19-0a3a7f23e35e_medium698a.jpg]
[cdn.shopify.com/s/files/1/1628/5651/products/img22_19a8ba7e-5e7e-4515-b4c1-be1a55f3e209_1024x1024e89f.jpg]
[cdn.shopify.com/s/files/1/1628/5651/products/img22_19a8ba7e-5e7e-4515-b4c1-be1a55f3e209_mediume89f.jpg]
[cdn.shopify.com/s/files/1/1628/5651/products/img20_278b806f-af10-4f7b-b85f-d17594f67d75_1024x102485d0.jpg]
[cdn.shopify.com/s/files/1/1628/5651/products/img20_278b806f-af10-4f7b-b85f-d17594f67d75_medium85d0.jpg]
[hiking-camping-demo.myshopify.com/products/frame-tent.html]
[cdn.shopify.com/s/files/1/1628/5651/products/img18_medium3dc2.jpg]
[hiking-camping-demo.myshopify.com/products/tunnel-tent.oembed]
[cdn.shopify.com/s/files/1/1628/5651/products/img183dc2.jpg]
[cdn.shopify.com/s/files/1/1628/5651/products/img18_large3dc2.jpg]
[cdn.shopify.com/s/files/1/1628/5651/products/img18_1024x10243dc2.jpg]
[cdn.shopify.com/s/files/1/1628/5651/products/img23_1d73836d-8ae1-4c12-b16a-c779c6fc9b84_1024x10243dc2.jpg]
[cdn.shopify.com/s/files/1/1628/5651/products/img23_1d73836d-8ae1-4c12-b16a-c779c6fc9b84_medium3dc2.jpg]
[cdn.shopify.com/s/files/1/1628/5651/products/img20_1024x10243dc2.jpg]
[cdn.shopify.com/s/files/1/1628/5651/products/img20_medium3dc2.jpg]
[cdn.shopify.com/s/files/1/1628/5651/products/img22_1024x10243dc2.jpg]
[cdn.shopify.com/s/files/1/1628/5651/products/img22_medium3dc2.jpg]
[cdn.shopify.com/s/files/1/1628/5651/products/img26_1024x10243dc2.jpg]
[cdn.shopify.com/s/files/1/1628/5651/products/img26_medium3dc2.jpg]
[hiking-camping-demo.myshopify.com/products/tunnel-tent.html]
[cdn.shopify.com/s/files/1/1628/5651/products/product-22_medium03c5.png]
[hiking-camping-demo.myshopify.com/products/hiking-backpack.oembed]
[cdn.shopify.com/s/files/1/1628/5651/products/product-2203c5.png]
[cdn.shopify.com/s/files/1/1628/5651/products/product-22_large03c5.png]
[cdn.shopify.com/s/files/1/1628/5651/products/product-22_1024x102403c5.png]
[cdn.shopify.com/s/files/1/1628/5651/products/product-3_8c4968bf-1927-431e-af5b-330cfd3c1c26_1024x102494a9.png]
[cdn.shopify.com/s/files/1/1628/5651/products/product-3_8c4968bf-1927-431e-af5b-330cfd3c1c26_medium94a9.png]
[hiking-camping-demo.myshopify.com/products/hiking-backpack.html]
[cdn.shopify.com/s/files/1/1628/5651/products/img11_mediumf8af.jpg]
[hiking-camping-demo.myshopify.com/products/teton-backpacks.oembed]
[cdn.shopify.com/s/files/1/1628/5651/products/img11f8af.jpg]
[cdn.shopify.com/s/files/1/1628/5651/products/img11_largef8af.jpg]
[cdn.shopify.com/s/files/1/1628/5651/products/img11_1024x1024f8af.jpg]
[cdn.shopify.com/s/files/1/1628/5651/products/img25_1024x1024e8a4.jpg]
[cdn.shopify.com/s/files/1/1628/5651/products/img25_mediume8a4.jpg]
[hiking-camping-demo.myshopify.com/products/teton-backpacks.html]
[cdn.shopify.com/s/files/1/1628/5651/products/img23_cd0d1332-97f8-436e-b3c0-9e9fe15c876d_grandecabb.jpg]
[cdn.shopify.com/s/files/1/1628/5651/products/img20_e7144711-e852-44d8-9f3a-ae468b646af8_grandecabb.jpg]
[cdn.shopify.com/s/files/1/1628/5651/products/img22_aa975432-3806-497c-989f-ca0fde413b40_mediumcabb.jpg]
[hiking-camping-demo.myshopify.com/products/dome-tent.oembed]
[cdn.shopify.com/s/files/1/1628/5651/products/img22_aa975432-3806-497c-989f-ca0fde413b40cabb.jpg]
[cdn.shopify.com/s/files/1/1628/5651/products/img22_aa975432-3806-497c-989f-ca0fde413b40_1024x1024cabb.jpg]
[cdn.shopify.com/s/files/1/1628/5651/products/img23_cd0d1332-97f8-436e-b3c0-9e9fe15c876d_1024x1024cabb.jpg]
[cdn.shopify.com/s/files/1/1628/5651/products/img23_cd0d1332-97f8-436e-b3c0-9e9fe15c876d_mediumcabb.jpg]
[cdn.shopify.com/s/files/1/1628/5651/products/img20_e7144711-e852-44d8-9f3a-ae468b646af8_1024x1024cabb.jpg]
[cdn.shopify.com/s/files/1/1628/5651/products/img20_e7144711-e852-44d8-9f3a-ae468b646af8_mediumcabb.jpg]
[cdn.shopify.com/s/files/1/1628/5651/products/img32_1024x1024cabb.jpg]
[cdn.shopify.com/s/files/1/1628/5651/products/img32_mediumcabb.jpg]
[hiking-camping-demo.myshopify.com/products/dome-tent.html]
[cdn.shopify.com/s/files/1/1628/5651/products/img7_mediumfee2.jpg]
[hiking-camping-demo.myshopify.com/products/hook-keychain.oembed]
[cdn.shopify.com/s/files/1/1628/5651/products/img7fee2.jpg]
[cdn.shopify.com/s/files/1/1628/5651/products/img7_largefee2.jpg]
[cdn.shopify.com/s/files/1/1628/5651/products/img7_1024x1024fee2.jpg]
[cdn.shopify.com/s/files/1/1628/5651/products/img34_1024x10241a19.jpg]
[cdn.shopify.com/s/files/1/1628/5651/products/img34_medium1a19.jpg]
[hiking-camping-demo.myshopify.com/products/hook-keychain.html]
[cdn.shopify.com/s/files/1/1628/5651/products/img27_mediumc186.jpg]
[hiking-camping-demo.myshopify.com/products/paring-knife.oembed]
[cdn.shopify.com/s/files/1/1628/5651/products/img27c186.jpg]
[cdn.shopify.com/s/files/1/1628/5651/products/img27_largec186.jpg]
[cdn.shopify.com/s/files/1/1628/5651/products/img27_1024x1024c186.jpg]
[cdn.shopify.com/s/files/1/1628/5651/products/img10_1024x1024c186.jpg]
[cdn.shopify.com/s/files/1/1628/5651/products/img10_mediumc186.jpg]
[hiking-camping-demo.myshopify.com/products/paring-knife.html]
[cdn.shopify.com/s/files/1/1628/5651/products/img9_mediumca83.jpg]
[hiking-camping-demo.myshopify.com/products/hiking-bottles-holder.oembed]
[cdn.shopify.com/s/files/1/1628/5651/products/img9ca83.jpg]
[cdn.shopify.com/s/files/1/1628/5651/products/img9_largeca83.jpg]
[cdn.shopify.com/s/files/1/1628/5651/products/img9_1024x1024ca83.jpg]
[cdn.shopify.com/s/files/1/1628/5651/products/img5_b5f5be58-be32-4b07-81e0-7983b6a34cdd_1024x1024f860.jpg]
[cdn.shopify.com/s/files/1/1628/5651/products/img5_b5f5be58-be32-4b07-81e0-7983b6a34cdd_mediumf860.jpg]
[hiking-camping-demo.myshopify.com/products/hiking-bottles-holder.html]
[hiking-camping-demo.myshopify.com/products/gtx-hiking-boot.oembed]
[cdn.shopify.com/s/files/1/1628/5651/products/img14e11b.jpg]
[cdn.shopify.com/s/files/1/1628/5651/products/img14_largee11b.jpg]
[cdn.shopify.com/s/files/1/1628/5651/products/img14_1024x1024e11b.jpg]
[cdn.shopify.com/s/files/1/1628/5651/products/img13_03a14b83-2f39-4c8c-8053-af282c11def5_1024x1024cac9.jpg]
[cdn.shopify.com/s/files/1/1628/5651/products/img13_03a14b83-2f39-4c8c-8053-af282c11def5_mediumcac9.jpg]
[hiking-camping-demo.myshopify.com/collections/trekking/products/forclaz-flex-3.html]
[hiking-camping-demo.myshopify.com/collections/trekking/products/waterproof-boot.html]
[hiking-camping-demo.myshopify.com/collections/trekking/products/waterproof-boot-1.html]
[cdn.shopify.com/s/files/1/1628/5651/products/img12_grandeab9c.jpg]
[cdn.shopify.com/s/files/1/1628/5651/products/sports-1_ab8f5ae6-07c4-499a-8bec-2a9bcd37faed_grandec8fa.jpg]
[cdn.shopify.com/s/files/1/1628/5651/products/img13_grande09d0.jpg]
[hiking-camping-demo.myshopify.com/collections/trekking/products/footwear-shoes.html]
[hiking-camping-demo.myshopify.com/products/gtx-hiking-boot.html]
[cdn.shopify.com/s/files/1/1628/5651/collections/mega7_grande9e0f.jpg]
[hiking-camping-demo.myshopify.com/collections/trekking/products/blue-rucksack.html]
[cdn.shopify.com/s/files/1/1628/5651/collections/collection-3_grande0c1c.jpg]
[cdn.shopify.com/s/files/1/1628/5651/collections/img35_grande9dba.jpg]
[hiking-camping-demo.myshopify.com/collections/hiking.html]
[cdn.shopify.com/s/files/1/1628/5651/collections/coillection--1_grande5602.jpg]
[cdn.shopify.com/s/files/1/1628/5651/collections/mega6_grandeb6c8.jpg]
[hiking-camping-demo.myshopify.com/collections/trail-hiking-boot.html]
[cdn.shopify.com/s/files/1/1628/5651/collections/collection-2_grande4bf5.jpg]
[cdn.shopify.com/s/files/1/1628/5651/collections/mega5_granded087.jpg]
[cdn.shopify.com/s/files/1/1628/5651/collections/mega4_grande76cd.jpg]
[hiking-camping-demo.myshopify.com/collections.html]
[hiking-camping-demo.myshopify.com/products/forclaz-flex-3.oembed]
[cdn.shopify.com/s/files/1/1628/5651/products/sports-17ce6.jpg]
[cdn.shopify.com/s/files/1/1628/5651/products/sports-1_large7ce6.jpg]
[cdn.shopify.com/s/files/1/1628/5651/products/sports-1_1024x10247ce6.jpg]
[hiking-camping-demo.myshopify.com/collections/trekking/products/gtx-hiking-boot.html]
[hiking-camping-demo.myshopify.com/products/forclaz-flex-3.html]
[cdn.shopify.com/s/files/1/1628/5651/products/img2_medium92a4.jpg]
[hiking-camping-demo.myshopify.com/products/jump-rope.oembed]
[cdn.shopify.com/s/files/1/1628/5651/products/img292a4.jpg]
[cdn.shopify.com/s/files/1/1628/5651/products/img2_large92a4.jpg]
[cdn.shopify.com/s/files/1/1628/5651/products/img2_1024x102492a4.jpg]
[cdn.shopify.com/s/files/1/1628/5651/products/img8_8ceb6176-3801-41bb-9966-dde9ed7c4050_1024x10241744.jpg]
[cdn.shopify.com/s/files/1/1628/5651/products/img8_8ceb6176-3801-41bb-9966-dde9ed7c4050_medium1744.jpg]
[hiking-camping-demo.myshopify.com/products/jump-rope.html]
[cdn.shopify.com/s/files/1/1628/5651/products/img4_medium711f.jpg]
[hiking-camping-demo.myshopify.com/products/ladder-golf.oembed]
[cdn.shopify.com/s/files/1/1628/5651/products/img4711f.jpg]
[cdn.shopify.com/s/files/1/1628/5651/products/img4_large711f.jpg]
[cdn.shopify.com/s/files/1/1628/5651/products/img4_1024x1024711f.jpg]
[cdn.shopify.com/s/files/1/1628/5651/products/img6_99f3d7d4-a317-4ebe-847b-58cf97713670_1024x10241171.jpg]
[cdn.shopify.com/s/files/1/1628/5651/products/img6_99f3d7d4-a317-4ebe-847b-58cf97713670_medium1171.jpg]
[hiking-camping-demo.myshopify.com/products/ladder-golf.html]
[hiking-camping-demo.myshopify.com/collections/trekking.atom]
[hiking-camping-demo.myshopify.com/collections/trekking.oembed]
[hiking-camping-demo.myshopify.com/collections/waterproof-boot-1]
[hiking-camping-demo.myshopify.com/collections/trekking.html]
[cdn.shopify.com/s/files/1/1628/5651/products/img12_mediumab9c.jpg]
[hiking-camping-demo.myshopify.com/products/waterproof-boot-1.oembed]
[cdn.shopify.com/s/files/1/1628/5651/products/img12ab9c.jpg]
[cdn.shopify.com/s/files/1/1628/5651/products/img12_largeab9c.jpg]
[cdn.shopify.com/s/files/1/1628/5651/products/img12_1024x1024ab9c.jpg]
[cdn.shopify.com/s/files/1/1628/5651/products/img13_1024x102409d0.jpg]
[cdn.shopify.com/s/files/1/1628/5651/products/img13_medium09d0.jpg]
[cdn.shopify.com/s/files/1/1628/5651/products/sports-1_ab8f5ae6-07c4-499a-8bec-2a9bcd37faed_1024x1024c8fa.jpg]
[cdn.shopify.com/s/files/1/1628/5651/products/sports-1_ab8f5ae6-07c4-499a-8bec-2a9bcd37faed_mediumc8fa.jpg]
[hiking-camping-demo.myshopify.com/products/waterproof-boot-1.html]
[cdn.shopify.com/s/files/1/1628/5651/products/img3_medium3c9b.jpg]
[hiking-camping-demo.myshopify.com/products/horseshoes.oembed]
[cdn.shopify.com/s/files/1/1628/5651/products/img33c9b.jpg]
[cdn.shopify.com/s/files/1/1628/5651/products/img3_large3c9b.jpg]
[cdn.shopify.com/s/files/1/1628/5651/products/img3_1024x10243c9b.jpg]
[cdn.shopify.com/s/files/1/1628/5651/products/product16_405b8037-846c-4afb-9015-8ecfd840767f_1024x1024b89a.jpg]
[cdn.shopify.com/s/files/1/1628/5651/products/product16_405b8037-846c-4afb-9015-8ecfd840767f_mediumb89a.jpg]
[cdn.shopify.com/s/files/1/1628/5651/products/img30_1024x102423d4.jpg]
[cdn.shopify.com/s/files/1/1628/5651/products/img30_medium23d4.jpg]
[hiking-camping-demo.myshopify.com/products/horseshoes.html]
[cdn.shopify.com/s/files/1/1628/5651/products/img28_medium0bc5.jpg]
[hiking-camping-demo.myshopify.com/products/rappel-rack.oembed]
[cdn.shopify.com/s/files/1/1628/5651/products/img280bc5.jpg]
[cdn.shopify.com/s/files/1/1628/5651/products/img28_large0bc5.jpg]
[cdn.shopify.com/s/files/1/1628/5651/products/img28_1024x10240bc5.jpg]
[cdn.shopify.com/s/files/1/1628/5651/products/img21_1024x10240bc5.jpg]
[cdn.shopify.com/s/files/1/1628/5651/products/img21_medium0bc5.jpg]
[hiking-camping-demo.myshopify.com/products/rappel-rack.html]
[hiking-camping-demo.myshopify.com/collections/tents-collection.atom]
[hiking-camping-demo.myshopify.com/collections/tents-collection.oembed]
[hiking-camping-demo.myshopify.com/collections/large-family-tent]
[hiking-camping-demo.myshopify.com/collections/tunnel-tent]
[hiking-camping-demo.myshopify.com/collections/tents-collection.html]
[hiking-camping-demo.myshopify.com/collections/work.atom]
[hiking-camping-demo.myshopify.com/collections/work.oembed]
[hiking-camping-demo.myshopify.com/collections/work.html]
[hiking-camping-demo.myshopify.com/collections/winter.atom]
[hiking-camping-demo.myshopify.com/collections/winter.oembed]
[hiking-camping-demo.myshopify.com/collections/winter.html]
[hiking-camping-demo.myshopify.com/collections/social.atom]
[hiking-camping-demo.myshopify.com/collections/social.oembed]
[hiking-camping-demo.myshopify.com/collections/social.html]
[hiking-camping-demo.myshopify.com/collections/adventure.atom]
[hiking-camping-demo.myshopify.com/collections/adventure.oembed]
[hiking-camping-demo.myshopify.com/collections/adventure.html]
[hiking-camping-demo.myshopify.com/pages/POST]
[cdn.shopify.com/s/files/1/1628/5651/t/10/assets/abtsectionone_1_img65f0.jpg]
[cdn.shopify.com/s/files/1/1628/5651/t/10/assets/abtsectiontwo_1_img1bc7.jpg]
[cdn.shopify.com/s/files/1/1628/5651/t/10/assets/abtsectionthree_1_imge134.jpg]
[cdn.shopify.com/s/files/1/1628/5651/t/10/assets/abtsectionteamone_1_img8e31.jpg]
[cdn.shopify.com/s/files/1/1628/5651/t/10/assets/abtsectionteamtwo_1_imgddac.jpg]
[cdn.shopify.com/s/files/1/1628/5651/t/10/assets/abtsectionteamthree_1_imgb154.jpg]
[cdn.shopify.com/s/files/1/1628/5651/t/10/assets/abtsectionteamfour_1_imge697.jpg]
[cdn.shopify.com/s/files/1/1628/5651/t/10/assets/abtsectionseven_1_img826d.jpg]
[cdn.shopify.com/s/files/1/1628/5651/t/10/assets/abtsectioneight_1_img668d.jpg]
[cdn.shopify.com/s/files/1/1628/5651/t/10/assets/abtsectionnine_1_img3737.jpg]
[cdn.shopify.com/s/files/1/1628/5651/t/10/assets/abtsectionten_1_imgc590.jpg]
[hiking-camping-demo.myshopify.com/pages/about-us.html]
[hiking-camping-demo.myshopify.com/blogs/news.atom]
[hiking-camping-demo.myshopify.com/blogs/news4658.html]
[hiking-camping-demo.myshopify.com/blogs/POST]
[cdn.shopify.com/s/files/1/1628/5651/articles/blog-12_grande90a0.jpg]
[cdn.shopify.com/s/files/1/1628/5651/articles/blog-8_grande5e8f.jpg]
[cdn.shopify.com/s/files/1/1628/5651/articles/blog-7_grande3bfd.jpg]
[cdn.shopify.com/s/files/1/1628/5651/articles/blog-6_grandeee52.jpg]
[hiking-camping-demo.myshopify.com/blogs/news/dolore-magna-aliqua.html]
[cdn.shopify.com/s/files/1/1628/5651/articles/blog-4_grande86b3.jpg]
[hiking-camping-demo.myshopify.com/blogs/news/duis-autem-vel-eum-iriure-1.html]
[cdn.shopify.com/s/files/1/1628/5651/articles/blog-2_grande76d3.jpg]
[hiking-camping-demo.myshopify.com/blogs/news.html]
[hiking-camping-demo.myshopify.com/pages/faq.html]
[hiking-camping-demo.myshopify.com/pages/contact-us.html]
[hiking-camping-demo.myshopify.com/blogs/news/mollit-anim-id-est-laborum.html]
[cdn.shopify.com/s/global/search.css]
[hiking-camping-demo.myshopify.com/search.html]
[hiking-camping-demo.myshopify.com/pages/wishlist.html]
[hiking-camping-demo.myshopify.com/cart.html]
[cdn.shopify.com/s/files/1/1628/5651/t/10/assets/icon-megamenu6c52.html]
[cdn.shopify.com/s/files/1/1628/5651/products/img24_medium0af4.jpg]
[hiking-camping-demo.myshopify.com/products/water-proof-camera.oembed]
[cdn.shopify.com/s/files/1/1628/5651/products/img240af4.jpg]
[cdn.shopify.com/s/files/1/1628/5651/products/img24_large0af4.jpg]
[cdn.shopify.com/s/files/1/1628/5651/products/img24_1024x10240af4.jpg]
[cdn.shopify.com/s/files/1/1628/5651/products/img17_1024x1024bb31.jpg]
[cdn.shopify.com/s/files/1/1628/5651/products/img17_mediumbb31.jpg]
[hiking-camping-demo.myshopify.com/products/water-proof-camera.html]
[cdn.shopify.com/s/files/1/1628/5651/products/img16_medium75b6.jpg]
[hiking-camping-demo.myshopify.com/products/belay-device.oembed]
[cdn.shopify.com/s/files/1/1628/5651/products/img1675b6.jpg]
[cdn.shopify.com/s/files/1/1628/5651/products/img16_large75b6.jpg]
[cdn.shopify.com/s/files/1/1628/5651/products/img16_1024x102475b6.jpg]
[cdn.shopify.com/s/files/1/1628/5651/products/img1_304340b7-9001-4cba-b939-e078346d2f91_1024x102475b6.jpg]
[cdn.shopify.com/s/files/1/1628/5651/products/img1_304340b7-9001-4cba-b939-e078346d2f91_medium75b6.jpg]
[hiking-camping-demo.myshopify.com/products/belay-device.html]
[hiking-camping-demo.myshopify.com/products/waterproof-boot.oembed]
[cdn.shopify.com/s/files/1/1628/5651/products/product-1fad0.jpg]
[cdn.shopify.com/s/files/1/1628/5651/products/product-1_largefad0.jpg]
[cdn.shopify.com/s/files/1/1628/5651/products/product-1_1024x1024fad0.jpg]
[cdn.shopify.com/s/files/1/1628/5651/products/product-2_1024x1024fad0.jpg]
[cdn.shopify.com/s/files/1/1628/5651/products/product-2_mediumfad0.jpg]
[hiking-camping-demo.myshopify.com/products/waterproof-boot.html]
[hiking-camping-demo.myshopify.com/collections/new-arrivals/products/POST.25e.delayed]
[hiking-camping-demo.myshopify.com/collections/new-arrivals/products/hook-keychain.html]
[hiking-camping-demo.myshopify.com/hook-keychain.html]
[cdn.shopify.com/s/files/1/1628/5651/files/cyan6c52.html]
[cdn.shopify.com/s/files/1/1628/5651/files/orange6c52.html]
[hiking-camping-demo.myshopify.com/collections/new-arrivals/products/teton-backpacks.html]
[hiking-camping-demo.myshopify.com/teton-backpacks.html]
[hiking-camping-demo.myshopify.com/collections/new-arrivals/products/belay-device.html]
[hiking-camping-demo.myshopify.com/belay-device.html]
[cdn.shopify.com/s/files/1/1628/5651/files/silver6c52.html]
[hiking-camping-demo.myshopify.com/blogs/news/POST]
[cdn.shopify.com/s/files/1/1628/5651/articles/blog-12_1024x102490a0.jpg]
[cdn.shopify.com/s/files/1/1628/5651/articles/blog-12_small90a0.jpg]
[cdn.shopify.com/s/files/1/1628/5651/articles/blog-8_small5e8f.jpg]
[cdn.shopify.com/s/files/1/1628/5651/articles/blog-7_small3bfd.jpg]
[hiking-camping-demo.myshopify.com/blogs/news/mirum-est-notare-quam-littera-2.html]
[cdn.shopify.com/s/files/1/1628/5651/articles/blog-8_1024x10245e8f.jpg]
[hiking-camping-demo.myshopify.com/blogs/news/mirum-est-notare-quam-littera-1.html]
[cdn.shopify.com/s/files/1/1628/5651/articles/blog-7_1024x10243bfd.jpg]
[hiking-camping-demo.myshopify.com/blogs/news/dolore-magna-aliqua-1.html]
[hiking-camping-demo.myshopify.com/collections/tents-collection/products/POST.26c.delayed]
[hiking-camping-demo.myshopify.com/collections/tents-collection/products/dome-tent.html]
[hiking-camping-demo.myshopify.com/dome-tent.html]
[hiking-camping-demo.myshopify.com/collections/tents-collection/products/frame-tent.html]
[hiking-camping-demo.myshopify.com/frame-tent.html]
[cdn.shopify.com/s/files/1/1628/5651/files/green6c52.html]
[hiking-camping-demo.myshopify.com/collections/tents-collection/products/large-family-tent.html]
[hiking-camping-demo.myshopify.com/large-family-tent.html]
[hiking-camping-demo.myshopify.com/collections/tents-collection/products/tunnel-tent.html]
[hiking-camping-demo.myshopify.com/tunnel-tent.html]
[hiking-camping-demo.myshopify.com/collections/new-arrivals.atom]
[hiking-camping-demo.myshopify.com/collections/new-arrivals.oembed]
[hiking-camping-demo.myshopify.com/collections/hook-keychain]
[hiking-camping-demo.myshopify.com/collections/teton-backpacks]
[hiking-camping-demo.myshopify.com/collections/new-arrivals.html]
[hiking-camping-demo.myshopify.com/collections/best-selling.atom]
[hiking-camping-demo.myshopify.com/collections/best-selling.oembed]
[hiking-camping-demo.myshopify.com/collections/rappel-rack]
[hiking-camping-demo.myshopify.com/collections/ladder-golf]
[hiking-camping-demo.myshopify.com/collections/paring-knife]
[hiking-camping-demo.myshopify.com/collections/jump-rope]
[hiking-camping-demo.myshopify.com/collections/water-proof-camera]
[hiking-camping-demo.myshopify.com/collections/horseshoes]
[hiking-camping-demo.myshopify.com/collections/best-selling.html]
[cdn.shopify.com/s/files/1/1628/5651/products/product19_medium7a55.jpg]
[hiking-camping-demo.myshopify.com/products/footwear-shoes.oembed]
[cdn.shopify.com/s/files/1/1628/5651/products/product197a55.jpg]
[cdn.shopify.com/s/files/1/1628/5651/products/product19_large7a55.jpg]
[cdn.shopify.com/s/files/1/1628/5651/products/product19_1024x10247a55.jpg]
[cdn.shopify.com/s/files/1/1628/5651/products/product16_1024x102455bb.jpg]
[cdn.shopify.com/s/files/1/1628/5651/products/product16_medium55bb.jpg]
[hiking-camping-demo.myshopify.com/products/footwear-shoes.html]
[hiking-camping-demo.myshopify.com/collections/best-selling/products/POST.290.delayed]
[hiking-camping-demo.myshopify.com/collections/best-selling/products/rappel-rack.html]
[hiking-camping-demo.myshopify.com/rappel-rack.html]
[hiking-camping-demo.myshopify.com/collections/best-selling/products/golden-clock.html]
[hiking-camping-demo.myshopify.com/golden-clock.html]
[cdn.shopify.com/s/files/1/1628/5651/files/gold6c52.html]
[hiking-camping-demo.myshopify.com/collections/best-selling/products/ladder-golf.html]
[hiking-camping-demo.myshopify.com/ladder-golf.html]
[cdn.shopify.com/s/files/1/1628/5651/products/product-21_medium3203.jpg]
[hiking-camping-demo.myshopify.com/products/designs-daypack.oembed]
[cdn.shopify.com/s/files/1/1628/5651/products/product-213203.jpg]
[cdn.shopify.com/s/files/1/1628/5651/products/product-21_large3203.jpg]
[cdn.shopify.com/s/files/1/1628/5651/products/product-21_1024x10243203.jpg]
[cdn.shopify.com/s/files/1/1628/5651/products/product-7_1024x10243203.jpg]
[cdn.shopify.com/s/files/1/1628/5651/products/product-7_medium3203.jpg]
[hiking-camping-demo.myshopify.com/collections/best-selling/products/designs-daypack.html]
[hiking-camping-demo.myshopify.com/designs-daypack.html]
[hiking-camping-demo.myshopify.com/collections/best-selling/products/paring-knife.html]
[hiking-camping-demo.myshopify.com/paring-knife.html]
[hiking-camping-demo.myshopify.com/collections/best-selling/products/hiking-bottles-holder.html]
[hiking-camping-demo.myshopify.com/hiking-bottles-holder.html]
[hiking-camping-demo.myshopify.com/collections/best-selling/products/jump-rope.html]
[hiking-camping-demo.myshopify.com/jump-rope.html]
[hiking-camping-demo.myshopify.com/collections/best-selling/products/water-proof-camera.html]
[hiking-camping-demo.myshopify.com/water-proof-camera.html]
[cdn.shopify.com/s/files/1/1628/5651/t/10/assets/fontawesome-webfont3295.svg]
[cdn.shopify.com/s/files/1/1628/5651/t/10/assets/grabbing.html]
[cdn.shopify.com/s/files/1/1628/5651/t/10/assets/fancybox-x.html]
[cdn.shopify.com/s/files/1/1628/5651/t/10/assets/sprite_x.html]
[cdn.shopify.com/s/files/1/1628/5651/t/10/assets/sprite_y.html]
[cdn.shopify.com/s/files/1/1628/5651/t/10/assets/sprite_next.html]
[cdn.shopify.com/s/files/1/1628/5651/t/10/assets/sprite_prev.html]
[cdn.shopify.com/s/files/1/1628/5651/t/10/assets/default_thumb.html]
[cdn.shopify.com/s/files/1/1628/5651/t/10/assets/loader.html]
[cdn.shopify.com/s/files/1/1628/5651/t/10/assets/btnNext.html]
[cdn.shopify.com/s/files/1/1628/5651/t/10/assets/btnPrevious.html]
[cdn.shopify.com/s/files/1/1628/5651/t/10/assets/contentPattern.html]
[cdn.shopify.com/s/files/1/1628/5651/t/10/assets/dark_rounded/sprite.html]
[cdn.shopify.com/s/files/1/1628/5651/t/10/assets/contentPatternTop.html]
[cdn.shopify.com/s/files/1/1628/5651/t/10/assets/contentPatternLeft.html]
[cdn.shopify.com/s/files/1/1628/5651/t/10/assets/contentPatternRight.html]
[cdn.shopify.com/s/files/1/1628/5651/t/10/assets/facebook/sprite.html]
[cdn.shopify.com/s/files/1/1628/5651/t/10/images/prettyPhoto/facebook/sprite.html]
[cdn.shopify.com/s/files/1/1628/5651/t/10/assets/contentPatternBottom.html]
[cdn.shopify.com/s/files/1/1628/5651/t/10/assets/default_thumbnail.html]
[cdn.shopify.com/s/files/1/1628/5651/t/10/assets/prev-horizontal.html]
[hiking-camping-demo.myshopify.com/account/POST.html]
[hiking-camping-demo.myshopify.com/collections/all2679.html]
[cdn.shopify.com/s/files/1/1628/5651/products/img8_97e0b66a-aba3-4110-a7b3-d10c4b646ea6_grandea360.jpg]
[hiking-camping-demo.myshopify.com/products/solar-powered-helmet.html]
[hiking-camping-demo.myshopify.com/collections/solar-powered-helmet]
[hiking-camping-demo.myshopify.com/collections/all4658.html]
[hiking-camping-demo.myshopify.com/collections/POST.html]
[hiking-camping-demo.myshopify.com/collections/grid.html]
[hiking-camping-demo.myshopify.com/collections/list.html]
[hiking-camping-demo.myshopify.com/collections/manual.html]
[hiking-camping-demo.myshopify.com/collections/price-ascending.html]
[hiking-camping-demo.myshopify.com/collections/price-descending.html]
[hiking-camping-demo.myshopify.com/collections/title-ascending.html]
[hiking-camping-demo.myshopify.com/collections/title-descending.html]
[hiking-camping-demo.myshopify.com/collections/created-ascending.html]
[hiking-camping-demo.myshopify.com/collections/created-descending.html]
[hiking-camping-demo.myshopify.com/collections/12.html]
[hiking-camping-demo.myshopify.com/collections/24.html]
[hiking-camping-demo.myshopify.com/collections/36.html]
[hiking-camping-demo.myshopify.com/collections/waterproof-boot.html]
[cdn.shopify.com/s/files/1/1628/5651/files/khaki6c52.html]
[hiking-camping-demo.myshopify.com/collections/belay-device.html]
[cdn.shopify.com/s/files/1/1628/5651/products/product-3_mediumf7af.png]
[hiking-camping-demo.myshopify.com/products/blue-rucksack.oembed]
[cdn.shopify.com/s/files/1/1628/5651/products/product-3f7af.png]
[cdn.shopify.com/s/files/1/1628/5651/products/product-3_largef7af.png]
[cdn.shopify.com/s/files/1/1628/5651/products/product-3_1024x1024f7af.png]
[cdn.shopify.com/s/files/1/1628/5651/products/product-4_1024x1024f7af.png]
[cdn.shopify.com/s/files/1/1628/5651/products/product-4_mediumf7af.png]
[hiking-camping-demo.myshopify.com/products/blue-rucksack.html]
[hiking-camping-demo.myshopify.com/collections/blue-rucksack.html]
[hiking-camping-demo.myshopify.com/products/designs-daypack.html]
[hiking-camping-demo.myshopify.com/collections/designs-daypack.html]
[hiking-camping-demo.myshopify.com/collections/dome-tent.html]
[hiking-camping-demo.myshopify.com/collections/footwear-shoes.html]
[hiking-camping-demo.myshopify.com/collections/forclaz-flex-3.html]
[hiking-camping-demo.myshopify.com/collections/frame-tent.html]
[hiking-camping-demo.myshopify.com/collections/golden-clock.html]
[hiking-camping-demo.myshopify.com/collections/gtx-hiking-boot.html]
[hiking-camping-demo.myshopify.com/collections/hiking-backpack.html]
[hiking-camping-demo.myshopify.com/collections/hiking-bottles-holder.html]
[hiking-camping-demo.myshopify.com/products/POST.html]
[hiking-camping-demo.myshopify.com/collections/best-selling/products/horseshoes.html]
[hiking-camping-demo.myshopify.com/collections/trekking/products/POST.2d4.delayed]
[hiking-camping-demo.myshopify.com/collections/trekking/products/forclaz-flex-3.html]
[hiking-camping-demo.myshopify.com/collections/trekking/products/waterproof-boot.html]
[hiking-camping-demo.myshopify.com/collections/trekking/products/waterproof-boot-1.html]
[hiking-camping-demo.myshopify.com/collections/trekking/products/footwear-shoes.html]
[hiking-camping-demo.myshopify.com/collections/trekking/products/blue-rucksack.html]
[hiking-camping-demo.myshopify.com/collections/hiking.atom]
[hiking-camping-demo.myshopify.com/collections/hiking.oembed]
[hiking-camping-demo.myshopify.com/collections/hiking/products/hiking-backpack.html]
[hiking-camping-demo.myshopify.com/collections/hiking.html]
[hiking-camping-demo.myshopify.com/collections/trail-hiking-boot.atom]
[hiking-camping-demo.myshopify.com/collections/trail-hiking-boot.oembed]
[hiking-camping-demo.myshopify.com/collections/trail-hiking-boot/products/footwear-shoes.html]
[hiking-camping-demo.myshopify.com/collections/trail-hiking-boot.html]
[hiking-camping-demo.myshopify.com/collections/trekking/products/gtx-hiking-boot.html]
[hiking-camping-demo.myshopify.com/collections/waterproof-boot-1.html]
[hiking-camping-demo.myshopify.com/collections/large-family-tent.html]
[hiking-camping-demo.myshopify.com/collections/tunnel-tent.html]
[hiking-camping-demo.myshopify.com/pages/POST.html]
[hiking-camping-demo.myshopify.com/blogs/news2679.html]
[hiking-camping-demo.myshopify.com/blogs/news/mirum-est-notare-quam-littera.html]
[cdn.shopify.com/s/files/1/1628/5651/articles/blog-1_grande0b7b.jpg]
[hiking-camping-demo.myshopify.com/blogs/news/duis-autem-vel-eum-iriure.html]
[cdn.shopify.com/s/files/1/1628/5651/articles/blog-5_grandeed92.jpg]
[hiking-camping-demo.myshopify.com/blogs/news4658.html]
[hiking-camping-demo.myshopify.com/blogs/POST.html]
[cdn.shopify.com/s/files/1/1628/5651/articles/blog-6_1024x1024ee52.jpg]
[hiking-camping-demo.myshopify.com/blogs/news/dolore-magna-aliqua.html]
[cdn.shopify.com/s/files/1/1628/5651/articles/blog-4_1024x102486b3.jpg]
[hiking-camping-demo.myshopify.com/blogs/news/duis-autem-vel-eum-iriure-1.html]
[cdn.shopify.com/s/files/1/1628/5651/articles/blog-2_1024x102476d3.jpg]
[hiking-camping-demo.myshopify.com/blogs/news/mollit-anim-id-est-laborum.html]
[cdn.shopify.com/s/global/search.css]
[hiking-camping-demo.myshopify.com/collections/new-arrivals/products/POST.html]
[hiking-camping-demo.myshopify.com/blogs/news/POST.html]
[pinterest.com/pin/create/button/index47aa.html]
[pinterest.com/pin/create/button/indexaba2.html]
[pinterest.com/pin/create/button/index3ad6.html]
[hiking-camping-demo.myshopify.com/collections/tents-collection/products/POST.html]
[hiking-camping-demo.myshopify.com/collections/hook-keychain.html]
[hiking-camping-demo.myshopify.com/collections/teton-backpacks.html]
[hiking-camping-demo.myshopify.com/collections/rappel-rack.html]
[hiking-camping-demo.myshopify.com/collections/ladder-golf.html]
[hiking-camping-demo.myshopify.com/collections/paring-knife.html]
[hiking-camping-demo.myshopify.com/collections/jump-rope.html]
[hiking-camping-demo.myshopify.com/collections/water-proof-camera.html]
[hiking-camping-demo.myshopify.com/collections/horseshoes.html]
[hiking-camping-demo.myshopify.com/collections/best-selling/products/POST.html]
[hiking-camping-demo.myshopify.com/collections/all2679.html]
[cdn.shopify.com/s/files/1/1628/5651/products/img8_97e0b66a-aba3-4110-a7b3-d10c4b646ea6_mediuma360.jpg]
[hiking-camping-demo.myshopify.com/products/solar-powered-helmet.oembed]
[cdn.shopify.com/s/files/1/1628/5651/products/img8_97e0b66a-aba3-4110-a7b3-d10c4b646ea6a360.jpg]
[cdn.shopify.com/s/files/1/1628/5651/products/img8_97e0b66a-aba3-4110-a7b3-d10c4b646ea6_largea360.jpg]
[cdn.shopify.com/s/files/1/1628/5651/products/img8_97e0b66a-aba3-4110-a7b3-d10c4b646ea6_1024x1024a360.jpg]
[hiking-camping-demo.myshopify.com/products/solar-powered-helmet.html]
[hiking-camping-demo.myshopify.com/collections/solar-powered-helmet.html]
[hiking-camping-demo.myshopify.com/collections/trekking/products/POST.html]
[hiking-camping-demo.myshopify.com/collections/hiking/products/POST]
[hiking-camping-demo.myshopify.com/collections/hiking/products/hiking-backpack.html]
[hiking-camping-demo.myshopify.com/collections/trail-hiking-boot/products/POST]
[hiking-camping-demo.myshopify.com/collections/trail-hiking-boot/products/footwear-shoes.html]
[hiking-camping-demo.myshopify.com/blogs/news2679.html]
[cdn.shopify.com/s/files/1/1628/5651/articles/blog-1_1024x10240b7b.jpg]
[hiking-camping-demo.myshopify.com/blogs/news/mirum-est-notare-quam-littera.html]
[cdn.shopify.com/s/files/1/1628/5651/articles/blog-5_1024x1024ed92.jpg]
[hiking-camping-demo.myshopify.com/blogs/news/duis-autem-vel-eum-iriure.html]
[pinterest.com/pin/create/button/index13e9.html]
[pinterest.com/pin/create/button/index16bc.html]
[pinterest.com/pin/create/button/indexa110.html]
[pinterest.com/pin/create/button/indexc261.html]
[pinterest.com/pin/create/button/index235f.html]
[pinterest.com/pin/create/button/index3fc0.html]
[hiking-camping-demo.myshopify.com/collections/hiking/products/POST.html]
[hiking-camping-demo.myshopify.com/collections/trail-hiking-boot/products/POST.html]
[pinterest.com/pin/create/button/index0129.html]
[pinterest.com/pin/create/button/indexc4e0.html]
[pinterest.com/pin/create/button/index623a.html]
[pinterest.com/pin/create/button/indexc5b8.html]
[pinterest.com/pin/create/button/index13dc.html]
[pinterest.com/pin/create/button/index5dd1.html]
[pinterest.com/pin/create/button/index9a7b.html]
